<?xml version="1.0" encoding="UTF-8"?>
<TestRun id="f3db53c4-75b0-4241-9ba7-a0fafaf18f0b" name="lfalcao@AGUIAZORRA 2011-01-18 14:50:32" runUser="Aguiazorra\lfalcao" xmlns="http://microsoft.com/schemas/VisualStudio/TeamTest/2010">
  <TestSettings name="Default Test Settings" id="d599dbb1-a460-4bed-95cc-207bf4674435">
    <Deployment runDeploymentRoot="lfalcao_AGUIAZORRA 2011-01-18 14_50_32">
      <DeploymentItem filename="C:\lfalcao\Work\ISEL\CCISEL\Formações\2011 (02) - PrePrompt\ASP.NET MVC\MyMovies\MyMovies.WebApp\bin\MyMovies.WebApp.dll" />
    </Deployment>
    <Execution>
      <TestTypeSpecific />
      <AgentRule name="Execution Agents">
      </AgentRule>
    </Execution>
  </TestSettings>
  <Times creation="2011-01-18T14:50:32.2167625+00:00" queuing="2011-01-18T14:50:37.0020362+00:00" start="2011-01-18T14:50:37.1800464+00:00" finish="2011-01-18T14:50:39.2771664+00:00" />
  <ResultSummary outcome="Completed">
    <Counters total="18" executed="18" passed="18" error="0" failed="0" timeout="0" aborted="0" inconclusive="0" passedButRunAborted="0" notRunnable="0" notExecuted="0" disconnected="0" warning="0" completed="0" inProgress="0" pending="0" />
  </ResultSummary>
  <TestDefinitions>
    <UnitTest name="Register_Post_ReturnsViewIfModelStateIsInvalid" storage="c:\lfalcao\work\isel\ccisel\formações\2011 (02) - preprompt\asp.net mvc\mymovies\mymovies.webapp.tests\bin\debug\mymovies.webapp.tests.dll" id="a72512c2-9b6a-3227-13ac-539fea51b344">
      <Execution id="9b373b79-5043-47c8-b5ba-71d7e4f09f08" />
      <TestMethod codeBase="C:/lfalcao/Work/ISEL/CCISEL/Formações/2011 (02) - PrePrompt/ASP.NET MVC/MyMovies/MyMovies.WebApp.Tests/bin/Debug/MyMovies.WebApp.Tests.DLL" adapterTypeName="Microsoft.VisualStudio.TestTools.TestTypes.Unit.UnitTestAdapter, Microsoft.VisualStudio.QualityTools.Tips.UnitTest.Adapter, Version=10.0.0.0, Culture=neutral, PublicKeyToken=b03f5f7f11d50a3a" className="MyMovies.WebApp.Tests.Controllers.AccountControllerTest, MyMovies.WebApp.Tests, Version=1.0.0.0, Culture=neutral, PublicKeyToken=null" name="Register_Post_ReturnsViewIfModelStateIsInvalid" />
    </UnitTest>
    <UnitTest name="LogOn_Post_ReturnsViewIfModelStateIsInvalid" storage="c:\lfalcao\work\isel\ccisel\formações\2011 (02) - preprompt\asp.net mvc\mymovies\mymovies.webapp.tests\bin\debug\mymovies.webapp.tests.dll" id="f6fa0db0-0052-606b-684f-1d30a7243162">
      <Execution id="e742e744-c788-4b23-9185-5e0829cd0de2" />
      <TestMethod codeBase="C:/lfalcao/Work/ISEL/CCISEL/Formações/2011 (02) - PrePrompt/ASP.NET MVC/MyMovies/MyMovies.WebApp.Tests/bin/Debug/MyMovies.WebApp.Tests.DLL" adapterTypeName="Microsoft.VisualStudio.TestTools.TestTypes.Unit.UnitTestAdapter, Microsoft.VisualStudio.QualityTools.Tips.UnitTest.Adapter, Version=10.0.0.0, Culture=neutral, PublicKeyToken=b03f5f7f11d50a3a" className="MyMovies.WebApp.Tests.Controllers.AccountControllerTest, MyMovies.WebApp.Tests, Version=1.0.0.0, Culture=neutral, PublicKeyToken=null" name="LogOn_Post_ReturnsViewIfModelStateIsInvalid" />
    </UnitTest>
    <UnitTest name="Register_Get_ReturnsView" storage="c:\lfalcao\work\isel\ccisel\formações\2011 (02) - preprompt\asp.net mvc\mymovies\mymovies.webapp.tests\bin\debug\mymovies.webapp.tests.dll" id="711666ea-7f43-b6d5-045b-7566ce743902">
      <Execution id="be3514fe-55e6-41cc-ad8e-4cec777b9e31" />
      <TestMethod codeBase="C:/lfalcao/Work/ISEL/CCISEL/Formações/2011 (02) - PrePrompt/ASP.NET MVC/MyMovies/MyMovies.WebApp.Tests/bin/Debug/MyMovies.WebApp.Tests.DLL" adapterTypeName="Microsoft.VisualStudio.TestTools.TestTypes.Unit.UnitTestAdapter, Microsoft.VisualStudio.QualityTools.Tips.UnitTest.Adapter, Version=10.0.0.0, Culture=neutral, PublicKeyToken=b03f5f7f11d50a3a" className="MyMovies.WebApp.Tests.Controllers.AccountControllerTest, MyMovies.WebApp.Tests, Version=1.0.0.0, Culture=neutral, PublicKeyToken=null" name="Register_Get_ReturnsView" />
    </UnitTest>
    <UnitTest name="LogOn_Post_ReturnsRedirectOnSuccess_WithoutReturnUrl" storage="c:\lfalcao\work\isel\ccisel\formações\2011 (02) - preprompt\asp.net mvc\mymovies\mymovies.webapp.tests\bin\debug\mymovies.webapp.tests.dll" id="f8e55c40-70ac-1aab-ab85-4bde80b32f47">
      <Execution id="29d5b691-d156-4a30-81b4-44a3fcd25e18" />
      <TestMethod codeBase="C:/lfalcao/Work/ISEL/CCISEL/Formações/2011 (02) - PrePrompt/ASP.NET MVC/MyMovies/MyMovies.WebApp.Tests/bin/Debug/MyMovies.WebApp.Tests.DLL" adapterTypeName="Microsoft.VisualStudio.TestTools.TestTypes.Unit.UnitTestAdapter, Microsoft.VisualStudio.QualityTools.Tips.UnitTest.Adapter, Version=10.0.0.0, Culture=neutral, PublicKeyToken=b03f5f7f11d50a3a" className="MyMovies.WebApp.Tests.Controllers.AccountControllerTest, MyMovies.WebApp.Tests, Version=1.0.0.0, Culture=neutral, PublicKeyToken=null" name="LogOn_Post_ReturnsRedirectOnSuccess_WithoutReturnUrl" />
    </UnitTest>
    <UnitTest name="Index" storage="c:\lfalcao\work\isel\ccisel\formações\2011 (02) - preprompt\asp.net mvc\mymovies\mymovies.webapp.tests\bin\debug\mymovies.webapp.tests.dll" id="37c70a88-698a-7bcf-0349-c0a5b9da59fb">
      <Execution id="fb54beb2-2e7a-443c-aa26-81d5a0f318d3" />
      <TestMethod codeBase="C:/lfalcao/Work/ISEL/CCISEL/Formações/2011 (02) - PrePrompt/ASP.NET MVC/MyMovies/MyMovies.WebApp.Tests/bin/Debug/MyMovies.WebApp.Tests.DLL" adapterTypeName="Microsoft.VisualStudio.TestTools.TestTypes.Unit.UnitTestAdapter, Microsoft.VisualStudio.QualityTools.Tips.UnitTest.Adapter, Version=10.0.0.0, Culture=neutral, PublicKeyToken=b03f5f7f11d50a3a" className="MyMovies.WebApp.Tests.Controllers.HomeControllerTest, MyMovies.WebApp.Tests, Version=1.0.0.0, Culture=neutral, PublicKeyToken=null" name="Index" />
    </UnitTest>
    <UnitTest name="ChangePassword_Get_ReturnsView" storage="c:\lfalcao\work\isel\ccisel\formações\2011 (02) - preprompt\asp.net mvc\mymovies\mymovies.webapp.tests\bin\debug\mymovies.webapp.tests.dll" id="c6adf551-bf82-48d4-3f63-694f7ef01541">
      <Execution id="37e857d1-5d85-4ca1-be92-f359741c099e" />
      <TestMethod codeBase="C:/lfalcao/Work/ISEL/CCISEL/Formações/2011 (02) - PrePrompt/ASP.NET MVC/MyMovies/MyMovies.WebApp.Tests/bin/Debug/MyMovies.WebApp.Tests.DLL" adapterTypeName="Microsoft.VisualStudio.TestTools.TestTypes.Unit.UnitTestAdapter, Microsoft.VisualStudio.QualityTools.Tips.UnitTest.Adapter, Version=10.0.0.0, Culture=neutral, PublicKeyToken=b03f5f7f11d50a3a" className="MyMovies.WebApp.Tests.Controllers.AccountControllerTest, MyMovies.WebApp.Tests, Version=1.0.0.0, Culture=neutral, PublicKeyToken=null" name="ChangePassword_Get_ReturnsView" />
    </UnitTest>
    <UnitTest name="LogOn_Post_ReturnsRedirectToHomeOnSuccess_WithExternalReturnUrl" storage="c:\lfalcao\work\isel\ccisel\formações\2011 (02) - preprompt\asp.net mvc\mymovies\mymovies.webapp.tests\bin\debug\mymovies.webapp.tests.dll" id="23c7851a-29c1-b25a-1971-f7e13be68c9b">
      <Execution id="6133bef5-3469-4031-9ab5-c7037f259396" />
      <TestMethod codeBase="C:/lfalcao/Work/ISEL/CCISEL/Formações/2011 (02) - PrePrompt/ASP.NET MVC/MyMovies/MyMovies.WebApp.Tests/bin/Debug/MyMovies.WebApp.Tests.DLL" adapterTypeName="Microsoft.VisualStudio.TestTools.TestTypes.Unit.UnitTestAdapter, Microsoft.VisualStudio.QualityTools.Tips.UnitTest.Adapter, Version=10.0.0.0, Culture=neutral, PublicKeyToken=b03f5f7f11d50a3a" className="MyMovies.WebApp.Tests.Controllers.AccountControllerTest, MyMovies.WebApp.Tests, Version=1.0.0.0, Culture=neutral, PublicKeyToken=null" name="LogOn_Post_ReturnsRedirectToHomeOnSuccess_WithExternalReturnUrl" />
    </UnitTest>
    <UnitTest name="LogOn_Post_ReturnsViewIfValidateUserFails" storage="c:\lfalcao\work\isel\ccisel\formações\2011 (02) - preprompt\asp.net mvc\mymovies\mymovies.webapp.tests\bin\debug\mymovies.webapp.tests.dll" id="36fc0f8e-ddc5-af41-25a9-b80b41d97a98">
      <Execution id="876ec81f-c5bd-4928-9566-fec29612eef7" />
      <TestMethod codeBase="C:/lfalcao/Work/ISEL/CCISEL/Formações/2011 (02) - PrePrompt/ASP.NET MVC/MyMovies/MyMovies.WebApp.Tests/bin/Debug/MyMovies.WebApp.Tests.DLL" adapterTypeName="Microsoft.VisualStudio.TestTools.TestTypes.Unit.UnitTestAdapter, Microsoft.VisualStudio.QualityTools.Tips.UnitTest.Adapter, Version=10.0.0.0, Culture=neutral, PublicKeyToken=b03f5f7f11d50a3a" className="MyMovies.WebApp.Tests.Controllers.AccountControllerTest, MyMovies.WebApp.Tests, Version=1.0.0.0, Culture=neutral, PublicKeyToken=null" name="LogOn_Post_ReturnsViewIfValidateUserFails" />
    </UnitTest>
    <UnitTest name="LogOn_Post_ReturnsRedirectOnSuccess_WithLocalReturnUrl" storage="c:\lfalcao\work\isel\ccisel\formações\2011 (02) - preprompt\asp.net mvc\mymovies\mymovies.webapp.tests\bin\debug\mymovies.webapp.tests.dll" id="ea9a3907-dc37-e30d-3702-2710be7647a1">
      <Execution id="115a8356-e600-4dc2-bcea-dc19a46bc639" />
      <TestMethod codeBase="C:/lfalcao/Work/ISEL/CCISEL/Formações/2011 (02) - PrePrompt/ASP.NET MVC/MyMovies/MyMovies.WebApp.Tests/bin/Debug/MyMovies.WebApp.Tests.DLL" adapterTypeName="Microsoft.VisualStudio.TestTools.TestTypes.Unit.UnitTestAdapter, Microsoft.VisualStudio.QualityTools.Tips.UnitTest.Adapter, Version=10.0.0.0, Culture=neutral, PublicKeyToken=b03f5f7f11d50a3a" className="MyMovies.WebApp.Tests.Controllers.AccountControllerTest, MyMovies.WebApp.Tests, Version=1.0.0.0, Culture=neutral, PublicKeyToken=null" name="LogOn_Post_ReturnsRedirectOnSuccess_WithLocalReturnUrl" />
    </UnitTest>
    <UnitTest name="LogOff_LogsOutAndRedirects" storage="c:\lfalcao\work\isel\ccisel\formações\2011 (02) - preprompt\asp.net mvc\mymovies\mymovies.webapp.tests\bin\debug\mymovies.webapp.tests.dll" id="f93ff39e-dc58-a5a6-10b3-f8fc8fefc609">
      <Execution id="56c6d0f2-29bf-4f95-b3d8-10f67b0bfaf6" />
      <TestMethod codeBase="C:/lfalcao/Work/ISEL/CCISEL/Formações/2011 (02) - PrePrompt/ASP.NET MVC/MyMovies/MyMovies.WebApp.Tests/bin/Debug/MyMovies.WebApp.Tests.DLL" adapterTypeName="Microsoft.VisualStudio.TestTools.TestTypes.Unit.UnitTestAdapter, Microsoft.VisualStudio.QualityTools.Tips.UnitTest.Adapter, Version=10.0.0.0, Culture=neutral, PublicKeyToken=b03f5f7f11d50a3a" className="MyMovies.WebApp.Tests.Controllers.AccountControllerTest, MyMovies.WebApp.Tests, Version=1.0.0.0, Culture=neutral, PublicKeyToken=null" name="LogOff_LogsOutAndRedirects" />
    </UnitTest>
    <UnitTest name="ChangePassword_Post_ReturnsViewIfModelStateIsInvalid" storage="c:\lfalcao\work\isel\ccisel\formações\2011 (02) - preprompt\asp.net mvc\mymovies\mymovies.webapp.tests\bin\debug\mymovies.webapp.tests.dll" id="ebe8aa4a-4763-6967-e923-91bc2d6da0b9">
      <Execution id="c0910afe-f87f-400d-be4a-7f9ee0187762" />
      <TestMethod codeBase="C:/lfalcao/Work/ISEL/CCISEL/Formações/2011 (02) - PrePrompt/ASP.NET MVC/MyMovies/MyMovies.WebApp.Tests/bin/Debug/MyMovies.WebApp.Tests.DLL" adapterTypeName="Microsoft.VisualStudio.TestTools.TestTypes.Unit.UnitTestAdapter, Microsoft.VisualStudio.QualityTools.Tips.UnitTest.Adapter, Version=10.0.0.0, Culture=neutral, PublicKeyToken=b03f5f7f11d50a3a" className="MyMovies.WebApp.Tests.Controllers.AccountControllerTest, MyMovies.WebApp.Tests, Version=1.0.0.0, Culture=neutral, PublicKeyToken=null" name="ChangePassword_Post_ReturnsViewIfModelStateIsInvalid" />
    </UnitTest>
    <UnitTest name="ChangePassword_Post_ReturnsViewIfChangePasswordFails" storage="c:\lfalcao\work\isel\ccisel\formações\2011 (02) - preprompt\asp.net mvc\mymovies\mymovies.webapp.tests\bin\debug\mymovies.webapp.tests.dll" id="d12b4453-29d8-20e0-3715-78b27e77a6e9">
      <Execution id="61df0d96-7e98-4686-a01b-edc8f956018b" />
      <TestMethod codeBase="C:/lfalcao/Work/ISEL/CCISEL/Formações/2011 (02) - PrePrompt/ASP.NET MVC/MyMovies/MyMovies.WebApp.Tests/bin/Debug/MyMovies.WebApp.Tests.DLL" adapterTypeName="Microsoft.VisualStudio.TestTools.TestTypes.Unit.UnitTestAdapter, Microsoft.VisualStudio.QualityTools.Tips.UnitTest.Adapter, Version=10.0.0.0, Culture=neutral, PublicKeyToken=b03f5f7f11d50a3a" className="MyMovies.WebApp.Tests.Controllers.AccountControllerTest, MyMovies.WebApp.Tests, Version=1.0.0.0, Culture=neutral, PublicKeyToken=null" name="ChangePassword_Post_ReturnsViewIfChangePasswordFails" />
    </UnitTest>
    <UnitTest name="ChangePassword_Post_ReturnsRedirectOnSuccess" storage="c:\lfalcao\work\isel\ccisel\formações\2011 (02) - preprompt\asp.net mvc\mymovies\mymovies.webapp.tests\bin\debug\mymovies.webapp.tests.dll" id="0b6b95b5-1b79-2816-95ca-1e53fd2b04f8">
      <Execution id="f90b0ba1-a630-4481-93eb-b53c45732b83" />
      <TestMethod codeBase="C:/lfalcao/Work/ISEL/CCISEL/Formações/2011 (02) - PrePrompt/ASP.NET MVC/MyMovies/MyMovies.WebApp.Tests/bin/Debug/MyMovies.WebApp.Tests.DLL" adapterTypeName="Microsoft.VisualStudio.TestTools.TestTypes.Unit.UnitTestAdapter, Microsoft.VisualStudio.QualityTools.Tips.UnitTest.Adapter, Version=10.0.0.0, Culture=neutral, PublicKeyToken=b03f5f7f11d50a3a" className="MyMovies.WebApp.Tests.Controllers.AccountControllerTest, MyMovies.WebApp.Tests, Version=1.0.0.0, Culture=neutral, PublicKeyToken=null" name="ChangePassword_Post_ReturnsRedirectOnSuccess" />
    </UnitTest>
    <UnitTest name="About" storage="c:\lfalcao\work\isel\ccisel\formações\2011 (02) - preprompt\asp.net mvc\mymovies\mymovies.webapp.tests\bin\debug\mymovies.webapp.tests.dll" id="4617204d-e45c-39f5-3626-3b5211dc47ed">
      <Execution id="3a56ccf5-9f6f-4d92-b483-afd069cc75aa" />
      <TestMethod codeBase="C:/lfalcao/Work/ISEL/CCISEL/Formações/2011 (02) - PrePrompt/ASP.NET MVC/MyMovies/MyMovies.WebApp.Tests/bin/Debug/MyMovies.WebApp.Tests.DLL" adapterTypeName="Microsoft.VisualStudio.TestTools.TestTypes.Unit.UnitTestAdapter, Microsoft.VisualStudio.QualityTools.Tips.UnitTest.Adapter, Version=10.0.0.0, Culture=neutral, PublicKeyToken=b03f5f7f11d50a3a" className="MyMovies.WebApp.Tests.Controllers.HomeControllerTest, MyMovies.WebApp.Tests, Version=1.0.0.0, Culture=neutral, PublicKeyToken=null" name="About" />
    </UnitTest>
    <UnitTest name="LogOn_Get_ReturnsView" storage="c:\lfalcao\work\isel\ccisel\formações\2011 (02) - preprompt\asp.net mvc\mymovies\mymovies.webapp.tests\bin\debug\mymovies.webapp.tests.dll" id="fe71cb05-f83a-8154-8c49-53fc22beeaeb">
      <Execution id="105c2370-c5d4-41bc-944a-c43a7dc6e016" />
      <TestMethod codeBase="C:/lfalcao/Work/ISEL/CCISEL/Formações/2011 (02) - PrePrompt/ASP.NET MVC/MyMovies/MyMovies.WebApp.Tests/bin/Debug/MyMovies.WebApp.Tests.DLL" adapterTypeName="Microsoft.VisualStudio.TestTools.TestTypes.Unit.UnitTestAdapter, Microsoft.VisualStudio.QualityTools.Tips.UnitTest.Adapter, Version=10.0.0.0, Culture=neutral, PublicKeyToken=b03f5f7f11d50a3a" className="MyMovies.WebApp.Tests.Controllers.AccountControllerTest, MyMovies.WebApp.Tests, Version=1.0.0.0, Culture=neutral, PublicKeyToken=null" name="LogOn_Get_ReturnsView" />
    </UnitTest>
    <UnitTest name="Register_Post_ReturnsRedirectOnSuccess" storage="c:\lfalcao\work\isel\ccisel\formações\2011 (02) - preprompt\asp.net mvc\mymovies\mymovies.webapp.tests\bin\debug\mymovies.webapp.tests.dll" id="ed4d3c9d-ec74-3ad0-ad70-142d62186f5d">
      <Execution id="db5cea07-a28b-4ecc-a36d-cff71737e6f0" />
      <TestMethod codeBase="C:/lfalcao/Work/ISEL/CCISEL/Formações/2011 (02) - PrePrompt/ASP.NET MVC/MyMovies/MyMovies.WebApp.Tests/bin/Debug/MyMovies.WebApp.Tests.DLL" adapterTypeName="Microsoft.VisualStudio.TestTools.TestTypes.Unit.UnitTestAdapter, Microsoft.VisualStudio.QualityTools.Tips.UnitTest.Adapter, Version=10.0.0.0, Culture=neutral, PublicKeyToken=b03f5f7f11d50a3a" className="MyMovies.WebApp.Tests.Controllers.AccountControllerTest, MyMovies.WebApp.Tests, Version=1.0.0.0, Culture=neutral, PublicKeyToken=null" name="Register_Post_ReturnsRedirectOnSuccess" />
    </UnitTest>
    <UnitTest name="ChangePasswordSuccess_ReturnsView" storage="c:\lfalcao\work\isel\ccisel\formações\2011 (02) - preprompt\asp.net mvc\mymovies\mymovies.webapp.tests\bin\debug\mymovies.webapp.tests.dll" id="142282c9-8e01-972b-54a6-fd0dae010ef3">
      <Execution id="d503dafd-29e3-4f98-8293-3190a3889dcc" />
      <TestMethod codeBase="C:/lfalcao/Work/ISEL/CCISEL/Formações/2011 (02) - PrePrompt/ASP.NET MVC/MyMovies/MyMovies.WebApp.Tests/bin/Debug/MyMovies.WebApp.Tests.DLL" adapterTypeName="Microsoft.VisualStudio.TestTools.TestTypes.Unit.UnitTestAdapter, Microsoft.VisualStudio.QualityTools.Tips.UnitTest.Adapter, Version=10.0.0.0, Culture=neutral, PublicKeyToken=b03f5f7f11d50a3a" className="MyMovies.WebApp.Tests.Controllers.AccountControllerTest, MyMovies.WebApp.Tests, Version=1.0.0.0, Culture=neutral, PublicKeyToken=null" name="ChangePasswordSuccess_ReturnsView" />
    </UnitTest>
    <UnitTest name="Register_Post_ReturnsViewIfRegistrationFails" storage="c:\lfalcao\work\isel\ccisel\formações\2011 (02) - preprompt\asp.net mvc\mymovies\mymovies.webapp.tests\bin\debug\mymovies.webapp.tests.dll" id="33f804f5-596c-c3c4-7205-ec6f7d71486f">
      <Execution id="055aa4fb-c4e3-4fea-9cd2-346c3f867606" />
      <TestMethod codeBase="C:/lfalcao/Work/ISEL/CCISEL/Formações/2011 (02) - PrePrompt/ASP.NET MVC/MyMovies/MyMovies.WebApp.Tests/bin/Debug/MyMovies.WebApp.Tests.DLL" adapterTypeName="Microsoft.VisualStudio.TestTools.TestTypes.Unit.UnitTestAdapter, Microsoft.VisualStudio.QualityTools.Tips.UnitTest.Adapter, Version=10.0.0.0, Culture=neutral, PublicKeyToken=b03f5f7f11d50a3a" className="MyMovies.WebApp.Tests.Controllers.AccountControllerTest, MyMovies.WebApp.Tests, Version=1.0.0.0, Culture=neutral, PublicKeyToken=null" name="Register_Post_ReturnsViewIfRegistrationFails" />
    </UnitTest>
  </TestDefinitions>
  <TestLists>
    <TestList name="Results Not in a List" id="8c84fa94-04c1-424b-9868-57a2d4851a1d" />
    <TestList name="All Loaded Results" id="19431567-8539-422a-85d7-44ee4e166bda" />
  </TestLists>
  <TestEntries>
    <TestEntry testId="37c70a88-698a-7bcf-0349-c0a5b9da59fb" executionId="fb54beb2-2e7a-443c-aa26-81d5a0f318d3" testListId="8c84fa94-04c1-424b-9868-57a2d4851a1d" />
    <TestEntry testId="4617204d-e45c-39f5-3626-3b5211dc47ed" executionId="3a56ccf5-9f6f-4d92-b483-afd069cc75aa" testListId="8c84fa94-04c1-424b-9868-57a2d4851a1d" />
    <TestEntry testId="c6adf551-bf82-48d4-3f63-694f7ef01541" executionId="37e857d1-5d85-4ca1-be92-f359741c099e" testListId="8c84fa94-04c1-424b-9868-57a2d4851a1d" />
    <TestEntry testId="0b6b95b5-1b79-2816-95ca-1e53fd2b04f8" executionId="f90b0ba1-a630-4481-93eb-b53c45732b83" testListId="8c84fa94-04c1-424b-9868-57a2d4851a1d" />
    <TestEntry testId="d12b4453-29d8-20e0-3715-78b27e77a6e9" executionId="61df0d96-7e98-4686-a01b-edc8f956018b" testListId="8c84fa94-04c1-424b-9868-57a2d4851a1d" />
    <TestEntry testId="ebe8aa4a-4763-6967-e923-91bc2d6da0b9" executionId="c0910afe-f87f-400d-be4a-7f9ee0187762" testListId="8c84fa94-04c1-424b-9868-57a2d4851a1d" />
    <TestEntry testId="142282c9-8e01-972b-54a6-fd0dae010ef3" executionId="d503dafd-29e3-4f98-8293-3190a3889dcc" testListId="8c84fa94-04c1-424b-9868-57a2d4851a1d" />
    <TestEntry testId="f93ff39e-dc58-a5a6-10b3-f8fc8fefc609" executionId="56c6d0f2-29bf-4f95-b3d8-10f67b0bfaf6" testListId="8c84fa94-04c1-424b-9868-57a2d4851a1d" />
    <TestEntry testId="fe71cb05-f83a-8154-8c49-53fc22beeaeb" executionId="105c2370-c5d4-41bc-944a-c43a7dc6e016" testListId="8c84fa94-04c1-424b-9868-57a2d4851a1d" />
    <TestEntry testId="f8e55c40-70ac-1aab-ab85-4bde80b32f47" executionId="29d5b691-d156-4a30-81b4-44a3fcd25e18" testListId="8c84fa94-04c1-424b-9868-57a2d4851a1d" />
    <TestEntry testId="ea9a3907-dc37-e30d-3702-2710be7647a1" executionId="115a8356-e600-4dc2-bcea-dc19a46bc639" testListId="8c84fa94-04c1-424b-9868-57a2d4851a1d" />
    <TestEntry testId="23c7851a-29c1-b25a-1971-f7e13be68c9b" executionId="6133bef5-3469-4031-9ab5-c7037f259396" testListId="8c84fa94-04c1-424b-9868-57a2d4851a1d" />
    <TestEntry testId="f6fa0db0-0052-606b-684f-1d30a7243162" executionId="e742e744-c788-4b23-9185-5e0829cd0de2" testListId="8c84fa94-04c1-424b-9868-57a2d4851a1d" />
    <TestEntry testId="36fc0f8e-ddc5-af41-25a9-b80b41d97a98" executionId="876ec81f-c5bd-4928-9566-fec29612eef7" testListId="8c84fa94-04c1-424b-9868-57a2d4851a1d" />
    <TestEntry testId="711666ea-7f43-b6d5-045b-7566ce743902" executionId="be3514fe-55e6-41cc-ad8e-4cec777b9e31" testListId="8c84fa94-04c1-424b-9868-57a2d4851a1d" />
    <TestEntry testId="ed4d3c9d-ec74-3ad0-ad70-142d62186f5d" executionId="db5cea07-a28b-4ecc-a36d-cff71737e6f0" testListId="8c84fa94-04c1-424b-9868-57a2d4851a1d" />
    <TestEntry testId="33f804f5-596c-c3c4-7205-ec6f7d71486f" executionId="055aa4fb-c4e3-4fea-9cd2-346c3f867606" testListId="8c84fa94-04c1-424b-9868-57a2d4851a1d" />
    <TestEntry testId="a72512c2-9b6a-3227-13ac-539fea51b344" executionId="9b373b79-5043-47c8-b5ba-71d7e4f09f08" testListId="8c84fa94-04c1-424b-9868-57a2d4851a1d" />
  </TestEntries>
  <Results>
    <UnitTestResult executionId="fb54beb2-2e7a-443c-aa26-81d5a0f318d3" testId="37c70a88-698a-7bcf-0349-c0a5b9da59fb" testName="Index" computerName="AGUIAZORRA" duration="00:00:00.4879912" startTime="2011-01-18T14:50:37.2240489+00:00" endTime="2011-01-18T14:50:38.8151399+00:00" testType="13cdc9d9-ddb5-4fa4-a97d-d965ccfc6d4b" outcome="Passed" testListId="8c84fa94-04c1-424b-9868-57a2d4851a1d" relativeResultsDirectory="fb54beb2-2e7a-443c-aa26-81d5a0f318d3">
    </UnitTestResult>
    <UnitTestResult executionId="3a56ccf5-9f6f-4d92-b483-afd069cc75aa" testId="4617204d-e45c-39f5-3626-3b5211dc47ed" testName="About" computerName="AGUIAZORRA" duration="00:00:00.0047396" startTime="2011-01-18T14:50:38.8761434+00:00" endTime="2011-01-18T14:50:38.8921443+00:00" testType="13cdc9d9-ddb5-4fa4-a97d-d965ccfc6d4b" outcome="Passed" testListId="8c84fa94-04c1-424b-9868-57a2d4851a1d" relativeResultsDirectory="3a56ccf5-9f6f-4d92-b483-afd069cc75aa">
    </UnitTestResult>
    <UnitTestResult executionId="37e857d1-5d85-4ca1-be92-f359741c099e" testId="c6adf551-bf82-48d4-3f63-694f7ef01541" testName="ChangePassword_Get_ReturnsView" computerName="AGUIAZORRA" duration="00:00:00.0510284" startTime="2011-01-18T14:50:38.8951445+00:00" endTime="2011-01-18T14:50:38.9521478+00:00" testType="13cdc9d9-ddb5-4fa4-a97d-d965ccfc6d4b" outcome="Passed" testListId="8c84fa94-04c1-424b-9868-57a2d4851a1d" relativeResultsDirectory="37e857d1-5d85-4ca1-be92-f359741c099e">
    </UnitTestResult>
    <UnitTestResult executionId="f90b0ba1-a630-4481-93eb-b53c45732b83" testId="0b6b95b5-1b79-2816-95ca-1e53fd2b04f8" testName="ChangePassword_Post_ReturnsRedirectOnSuccess" computerName="AGUIAZORRA" duration="00:00:00.0021570" startTime="2011-01-18T14:50:38.9551479+00:00" endTime="2011-01-18T14:50:38.9621483+00:00" testType="13cdc9d9-ddb5-4fa4-a97d-d965ccfc6d4b" outcome="Passed" testListId="8c84fa94-04c1-424b-9868-57a2d4851a1d" relativeResultsDirectory="f90b0ba1-a630-4481-93eb-b53c45732b83">
    </UnitTestResult>
    <UnitTestResult executionId="61df0d96-7e98-4686-a01b-edc8f956018b" testId="d12b4453-29d8-20e0-3715-78b27e77a6e9" testName="ChangePassword_Post_ReturnsViewIfChangePasswordFails" computerName="AGUIAZORRA" duration="00:00:00.0049843" startTime="2011-01-18T14:50:38.9661486+00:00" endTime="2011-01-18T14:50:38.9801494+00:00" testType="13cdc9d9-ddb5-4fa4-a97d-d965ccfc6d4b" outcome="Passed" testListId="8c84fa94-04c1-424b-9868-57a2d4851a1d" relativeResultsDirectory="61df0d96-7e98-4686-a01b-edc8f956018b">
    </UnitTestResult>
    <UnitTestResult executionId="c0910afe-f87f-400d-be4a-7f9ee0187762" testId="ebe8aa4a-4763-6967-e923-91bc2d6da0b9" testName="ChangePassword_Post_ReturnsViewIfModelStateIsInvalid" computerName="AGUIAZORRA" duration="00:00:00.0025946" startTime="2011-01-18T14:50:39.0061509+00:00" endTime="2011-01-18T14:50:39.0221518+00:00" testType="13cdc9d9-ddb5-4fa4-a97d-d965ccfc6d4b" outcome="Passed" testListId="8c84fa94-04c1-424b-9868-57a2d4851a1d" relativeResultsDirectory="c0910afe-f87f-400d-be4a-7f9ee0187762">
    </UnitTestResult>
    <UnitTestResult executionId="d503dafd-29e3-4f98-8293-3190a3889dcc" testId="142282c9-8e01-972b-54a6-fd0dae010ef3" testName="ChangePasswordSuccess_ReturnsView" computerName="AGUIAZORRA" duration="00:00:00.0004080" startTime="2011-01-18T14:50:39.0261520+00:00" endTime="2011-01-18T14:50:39.0481533+00:00" testType="13cdc9d9-ddb5-4fa4-a97d-d965ccfc6d4b" outcome="Passed" testListId="8c84fa94-04c1-424b-9868-57a2d4851a1d" relativeResultsDirectory="d503dafd-29e3-4f98-8293-3190a3889dcc">
    </UnitTestResult>
    <UnitTestResult executionId="56c6d0f2-29bf-4f95-b3d8-10f67b0bfaf6" testId="f93ff39e-dc58-a5a6-10b3-f8fc8fefc609" testName="LogOff_LogsOutAndRedirects" computerName="AGUIAZORRA" duration="00:00:00.0007108" startTime="2011-01-18T14:50:39.0501534+00:00" endTime="2011-01-18T14:50:39.0581538+00:00" testType="13cdc9d9-ddb5-4fa4-a97d-d965ccfc6d4b" outcome="Passed" testListId="8c84fa94-04c1-424b-9868-57a2d4851a1d" relativeResultsDirectory="56c6d0f2-29bf-4f95-b3d8-10f67b0bfaf6">
    </UnitTestResult>
    <UnitTestResult executionId="105c2370-c5d4-41bc-944a-c43a7dc6e016" testId="fe71cb05-f83a-8154-8c49-53fc22beeaeb" testName="LogOn_Get_ReturnsView" computerName="AGUIAZORRA" duration="00:00:00.0020898" startTime="2011-01-18T14:50:39.0611540+00:00" endTime="2011-01-18T14:50:39.0711546+00:00" testType="13cdc9d9-ddb5-4fa4-a97d-d965ccfc6d4b" outcome="Passed" testListId="8c84fa94-04c1-424b-9868-57a2d4851a1d" relativeResultsDirectory="105c2370-c5d4-41bc-944a-c43a7dc6e016">
    </UnitTestResult>
    <UnitTestResult executionId="29d5b691-d156-4a30-81b4-44a3fcd25e18" testId="f8e55c40-70ac-1aab-ab85-4bde80b32f47" testName="LogOn_Post_ReturnsRedirectOnSuccess_WithoutReturnUrl" computerName="AGUIAZORRA" duration="00:00:00.0016390" startTime="2011-01-18T14:50:39.0731547+00:00" endTime="2011-01-18T14:50:39.0851554+00:00" testType="13cdc9d9-ddb5-4fa4-a97d-d965ccfc6d4b" outcome="Passed" testListId="8c84fa94-04c1-424b-9868-57a2d4851a1d" relativeResultsDirectory="29d5b691-d156-4a30-81b4-44a3fcd25e18">
    </UnitTestResult>
    <UnitTestResult executionId="115a8356-e600-4dc2-bcea-dc19a46bc639" testId="ea9a3907-dc37-e30d-3702-2710be7647a1" testName="LogOn_Post_ReturnsRedirectOnSuccess_WithLocalReturnUrl" computerName="AGUIAZORRA" duration="00:00:00.0010389" startTime="2011-01-18T14:50:39.0881556+00:00" endTime="2011-01-18T14:50:39.0961560+00:00" testType="13cdc9d9-ddb5-4fa4-a97d-d965ccfc6d4b" outcome="Passed" testListId="8c84fa94-04c1-424b-9868-57a2d4851a1d" relativeResultsDirectory="115a8356-e600-4dc2-bcea-dc19a46bc639">
    </UnitTestResult>
    <UnitTestResult executionId="6133bef5-3469-4031-9ab5-c7037f259396" testId="23c7851a-29c1-b25a-1971-f7e13be68c9b" testName="LogOn_Post_ReturnsRedirectToHomeOnSuccess_WithExternalReturnUrl" computerName="AGUIAZORRA" duration="00:00:00.0006065" startTime="2011-01-18T14:50:39.0991562+00:00" endTime="2011-01-18T14:50:39.1121569+00:00" testType="13cdc9d9-ddb5-4fa4-a97d-d965ccfc6d4b" outcome="Passed" testListId="8c84fa94-04c1-424b-9868-57a2d4851a1d" relativeResultsDirectory="6133bef5-3469-4031-9ab5-c7037f259396">
    </UnitTestResult>
    <UnitTestResult executionId="e742e744-c788-4b23-9185-5e0829cd0de2" testId="f6fa0db0-0052-606b-684f-1d30a7243162" testName="LogOn_Post_ReturnsViewIfModelStateIsInvalid" computerName="AGUIAZORRA" duration="00:00:00.0004119" startTime="2011-01-18T14:50:39.1151571+00:00" endTime="2011-01-18T14:50:39.1221575+00:00" testType="13cdc9d9-ddb5-4fa4-a97d-d965ccfc6d4b" outcome="Passed" testListId="8c84fa94-04c1-424b-9868-57a2d4851a1d" relativeResultsDirectory="e742e744-c788-4b23-9185-5e0829cd0de2">
    </UnitTestResult>
    <UnitTestResult executionId="876ec81f-c5bd-4928-9566-fec29612eef7" testId="36fc0f8e-ddc5-af41-25a9-b80b41d97a98" testName="LogOn_Post_ReturnsViewIfValidateUserFails" computerName="AGUIAZORRA" duration="00:00:00.0004713" startTime="2011-01-18T14:50:39.1241576+00:00" endTime="2011-01-18T14:50:39.1331581+00:00" testType="13cdc9d9-ddb5-4fa4-a97d-d965ccfc6d4b" outcome="Passed" testListId="8c84fa94-04c1-424b-9868-57a2d4851a1d" relativeResultsDirectory="876ec81f-c5bd-4928-9566-fec29612eef7">
    </UnitTestResult>
    <UnitTestResult executionId="be3514fe-55e6-41cc-ad8e-4cec777b9e31" testId="711666ea-7f43-b6d5-045b-7566ce743902" testName="Register_Get_ReturnsView" computerName="AGUIAZORRA" duration="00:00:00.0028687" startTime="2011-01-18T14:50:39.1511592+00:00" endTime="2011-01-18T14:50:39.1741605+00:00" testType="13cdc9d9-ddb5-4fa4-a97d-d965ccfc6d4b" outcome="Passed" testListId="8c84fa94-04c1-424b-9868-57a2d4851a1d" relativeResultsDirectory="be3514fe-55e6-41cc-ad8e-4cec777b9e31">
    </UnitTestResult>
    <UnitTestResult executionId="db5cea07-a28b-4ecc-a36d-cff71737e6f0" testId="ed4d3c9d-ec74-3ad0-ad70-142d62186f5d" testName="Register_Post_ReturnsRedirectOnSuccess" computerName="AGUIAZORRA" duration="00:00:00.0027006" startTime="2011-01-18T14:50:39.1771606+00:00" endTime="2011-01-18T14:50:39.1971618+00:00" testType="13cdc9d9-ddb5-4fa4-a97d-d965ccfc6d4b" outcome="Passed" testListId="8c84fa94-04c1-424b-9868-57a2d4851a1d" relativeResultsDirectory="db5cea07-a28b-4ecc-a36d-cff71737e6f0">
    </UnitTestResult>
    <UnitTestResult executionId="055aa4fb-c4e3-4fea-9cd2-346c3f867606" testId="33f804f5-596c-c3c4-7205-ec6f7d71486f" testName="Register_Post_ReturnsViewIfRegistrationFails" computerName="AGUIAZORRA" duration="00:00:00.0019846" startTime="2011-01-18T14:50:39.2031621+00:00" endTime="2011-01-18T14:50:39.2121626+00:00" testType="13cdc9d9-ddb5-4fa4-a97d-d965ccfc6d4b" outcome="Passed" testListId="8c84fa94-04c1-424b-9868-57a2d4851a1d" relativeResultsDirectory="055aa4fb-c4e3-4fea-9cd2-346c3f867606">
    </UnitTestResult>
    <UnitTestResult executionId="9b373b79-5043-47c8-b5ba-71d7e4f09f08" testId="a72512c2-9b6a-3227-13ac-539fea51b344" testName="Register_Post_ReturnsViewIfModelStateIsInvalid" computerName="AGUIAZORRA" duration="00:00:00.0004632" startTime="2011-01-18T14:50:39.2151628+00:00" endTime="2011-01-18T14:50:39.2221632+00:00" testType="13cdc9d9-ddb5-4fa4-a97d-d965ccfc6d4b" outcome="Passed" testListId="8c84fa94-04c1-424b-9868-57a2d4851a1d" relativeResultsDirectory="9b373b79-5043-47c8-b5ba-71d7e4f09f08">
    </UnitTestResult>
  </Results>
</TestRun>